DRG_90_00257251000000.csv
store_id,upc_code,item_name,date,amount,quantity,unit_price,category,size,msu
90,00257251000000,CAESAR SALAD,2016-04-23,63.92,8.0,7.99,,EACH,1
90,00257251000000,CAESAR SALAD,2016-04-24,55.93,7.0,7.99,,EACH,1
90,00257251000000,CAESAR SALAD,2016-04-25,47.94,6.0,7.99,,EACH,1
90,00257251000000,CAESAR SALAD,2016-04-26,31.96,4.0,7.99,,EACH,1
90,00257251000000,CAESAR SALAD,2016-04-27,39.95,5.0,7.99,,EACH,1
90,00257251000000,CAESAR SALAD,2016-04-28,87.89,11.0,7.99,,EACH,1
90,00257251000000,CAESAR SALAD,2016-04-29,47.94,6.0,7.99,,EACH,1
90,00257251000000,CAESAR SALAD,2016-04-30,47.94,6.0,7.99,,EACH,1
90,00257251000000,CAESAR SALAD,2016-05-01,55.93,7.0,7.99,,EACH,1
90,00257251000000,CAESAR SALAD,2016-05-02,87.89,11.0,7.99,,EACH,1
90,00257251000000,CAESAR SALAD,2016-05-03,79.9,10.0,7.99,,EACH,1
90,00257251000000,CAESAR SALAD,2016-05-04,63.92,8.0,7.99,,EACH,1
90,00257251000000,CAESAR SALAD,2016-05-05,55.93,7.0,7.99,,EACH,1
90,00257251000000,CAESAR SALAD,2016-05-06,39.95,5.0,7.99,,EACH,1
90,00257251000000,CAESAR SALAD,2016-05-07,71.91,9.0,7.99,,EACH,1
90,00257251000000,CAESAR SALAD,2016-05-09,39.95,5.0,7.99,,EACH,1
90,00257251000000,CAESAR SALAD,2016-05-10,55.93,7.0,7.99,,EACH,1
90,00257251000000,CAESAR SALAD,2016-05-11,87.89,11.0,7.99,,EACH,1
90,00257251000000,CAESAR SALAD,2016-05-12,71.91,9.0,7.99,,EACH,1
90,00257251000000,CAESAR SALAD,2016-05-13,39.95,5.0,7.99,,EACH,1
90,00257251000000,CAESAR SALAD,2016-05-14,31.96,4.0,7.99,,EACH,1
90,00257251000000,CAESAR SALAD,2016-05-15,47.94,6.0,7.99,,EACH,1
90,00257251000000,CAESAR SALAD,2016-05-16,55.93,7.0,7.99,,EACH,1
90,00257251000000,CAESAR SALAD,2016-05-17,79.9,10.0,7.99,,EACH,1
90,00257251000000,CAESAR SALAD,2016-05-18,87.89,11.0,7.99,,EACH,1
90,00257251000000,CAESAR SALAD,2016-05-19,103.87,13.0,7.99,,EACH,1
90,00257251000000,CAESAR SALAD,2016-05-20,47.94,6.0,7.99,,EACH,1
90,00257251000000,CAESAR SALAD,2016-05-21,31.96,4.0,7.99,,EACH,1
90,00257251000000,CAESAR SALAD,2016-05-22,63.92,8.0,7.99,,EACH,1
90,00257251000000,CAESAR SALAD,2016-05-23,95.88,12.0,7.99,,EACH,1
90,00257251000000,CAESAR SALAD,2016-05-24,39.95,5.0,7.99,,EACH,1
90,00257251000000,CAESAR SALAD,2016-05-25,31.96,4.0,7.99,,EACH,1
90,00257251000000,CAESAR SALAD,2016-05-26,87.89,11.0,7.99,,EACH,1
90,00257251000000,CAESAR SALAD,2016-05-27,47.94,6.0,7.99,,EACH,1
90,00257251000000,CAESAR SALAD,2016-05-28,87.89,11.0,7.99,,EACH,1
90,00257251000000,CAESAR SALAD,2016-05-29,23.97,3.0,7.99,,EACH,1
90,00257251000000,CAESAR SALAD,2016-05-30,47.94,6.0,7.99,,EACH,1
90,00257251000000,CAESAR SALAD,2016-05-31,95.88,12.0,7.99,,EACH,1
90,00257251000000,CAESAR SALAD,2016-06-01,47.94,6.0,7.99,,EACH,1
90,00257251000000,CAESAR SALAD,2016-06-02,63.92,8.0,7.99,,EACH,1
90,00257251000000,CAESAR SALAD,2016-06-03,63.92,8.0,7.99,,EACH,1
90,00257251000000,CAESAR SALAD,2016-06-04,71.91,9.0,7.99,,EACH,1
90,00257251000000,CAESAR SALAD,2016-06-05,23.97,3.0,7.99,,EACH,1
90,00257251000000,CAESAR SALAD,2016-06-06,47.94,6.0,7.99,,EACH,1
90,00257251000000,CAESAR SALAD,2016-06-07,95.88,12.0,7.99,,EACH,1
90,00257251000000,CAESAR SALAD,2016-06-08,87.89,11.0,7.99,,EACH,1
90,00257251000000,CAESAR SALAD,2016-06-09,31.96,4.0,7.99,,EACH,1
90,00257251000000,CAESAR SALAD,2016-06-10,87.89,11.0,7.99,,EACH,1
90,00257251000000,CAESAR SALAD,2016-06-11,31.96,4.0,7.99,,EACH,1
90,00257251000000,CAESAR SALAD,2016-06-12,55.93,7.0,7.99,,EACH,1
90,00257251000000,CAESAR SALAD,2016-06-13,15.98,2.0,7.99,,EACH,1
90,00257251000000,CAESAR SALAD,2016-06-14,63.92,8.0,7.99,,EACH,1
90,00257251000000,CAESAR SALAD,2016-06-15,79.9,10.0,7.99,,EACH,1
90,00257251000000,CAESAR SALAD,2016-06-16,95.88,12.0,7.99,,EACH,1
90,00257251000000,CAESAR SALAD,2016-06-17,63.92,8.0,7.99,,EACH,1
90,00257251000000,CAESAR SALAD,2016-06-18,55.93,7.0,7.99,,EACH,1
90,00257251000000,CAESAR SALAD,2016-06-19,63.92,8.0,7.99,,EACH,1
90,00257251000000,CAESAR SALAD,2016-06-20,55.93,7.0,7.99,,EACH,1
90,00257251000000,CAESAR SALAD,2016-06-21,151.81,19.0,7.99,,EACH,1
90,00257251000000,CAESAR SALAD,2016-06-22,39.95,5.0,7.99,,EACH,1
90,00257251000000,CAESAR SALAD,2016-06-23,39.95,5.0,7.99,,EACH,1
90,00257251000000,CAESAR SALAD,2016-06-24,11.0,1.38,7.97,,EACH,1
90,00257251000000,CAESAR SALAD,2016-06-24,55.93,7.0,7.99,,EACH,1
90,00257251000000,CAESAR SALAD,2016-06-25,7.99,1.0,7.99,,EACH,1
90,00257251000000,CAESAR SALAD,2016-06-26,55.93,7.0,7.99,,EACH,1
90,00257251000000,CAESAR SALAD,2016-06-27,39.95,5.0,7.99,,EACH,1
90,00257251000000,CAESAR SALAD,2016-06-28,71.91,9.0,7.99,,EACH,1
90,00257251000000,CAESAR SALAD,2016-06-29,103.87,13.0,7.99,,EACH,1
90,00257251000000,CAESAR SALAD,2016-06-30,79.9,10.0,7.99,,EACH,1
90,00257251000000,CAESAR SALAD,2016-07-01,7.99,1.0,7.99,,EACH,1
90,00257251000000,CAESAR SALAD,2016-07-02,39.95,5.0,7.99,,EACH,1
90,00257251000000,CAESAR SALAD,2016-07-03,23.97,3.0,7.99,,EACH,1
90,00257251000000,CAESAR SALAD,2016-07-04,63.92,8.0,7.99,,EACH,1
90,00257251000000,CAESAR SALAD,2016-07-05,47.94,6.0,7.99,,EACH,1
90,00257251000000,CAESAR SALAD,2016-07-06,63.92,8.0,7.99,,EACH,1
90,00257251000000,CAESAR SALAD,2016-07-07,31.96,4.0,7.99,,EACH,1
90,00257251000000,CAESAR SALAD,2016-07-08,23.97,3.0,7.99,,EACH,1
90,00257251000000,CAESAR SALAD,2016-07-09,23.97,3.0,7.99,,EACH,1
90,00257251000000,CAESAR SALAD,2016-07-10,87.89,11.0,7.99,,EACH,1
90,00257251000000,CAESAR SALAD,2016-07-11,47.94,6.0,7.99,,EACH,1
90,00257251000000,CAESAR SALAD,2016-07-12,55.93,7.0,7.99,,EACH,1
90,00257251000000,CAESAR SALAD,2016-07-13,63.92,8.0,7.99,,EACH,1
90,00257251000000,CAESAR SALAD,2016-07-14,31.96,4.0,7.99,,EACH,1
90,00257251000000,CAESAR SALAD,2016-07-15,15.98,2.0,7.99,,EACH,1
90,00257251000000,CAESAR SALAD,2016-07-16,39.95,5.0,7.99,,EACH,1
90,00257251000000,CAESAR SALAD,2016-07-17,39.95,5.0,7.99,,EACH,1
90,00257251000000,CAESAR SALAD,2016-07-18,47.94,6.0,7.99,,EACH,1
90,00257251000000,CAESAR SALAD,2016-07-19,63.92,8.0,7.99,,EACH,1
90,00257251000000,CAESAR SALAD,2016-07-21,39.95,5.0,7.99,,EACH,1
90,00257251000000,CAESAR SALAD,2016-07-22,47.94,6.0,7.99,,EACH,1
90,00257251000000,CAESAR SALAD,2016-07-23,47.94,6.0,7.99,,EACH,1
90,00257251000000,CAESAR SALAD,2016-07-24,31.96,4.0,7.99,,EACH,1
90,00257251000000,CAESAR SALAD,2016-07-25,79.9,10.0,7.99,,EACH,1
90,00257251000000,CAESAR SALAD,2016-07-26,47.94,6.0,7.99,,EACH,1
90,00257251000000,CAESAR SALAD,2016-07-27,47.94,6.0,7.99,,EACH,1
90,00257251000000,CAESAR SALAD,2016-07-28,7.99,1.0,7.99,,EACH,1
90,00257251000000,CAESAR SALAD,2016-07-29,7.99,1.0,7.99,,EACH,1
90,00257251000000,CAESAR SALAD,2016-07-30,47.94,6.0,7.99,,EACH,1
90,00257251000000,CAESAR SALAD,2016-07-31,95.88,12.0,7.99,,EACH,1
90,00257251000000,CAESAR SALAD,2016-08-01,39.95,5.0,7.99,,EACH,1
90,00257251000000,CAESAR SALAD,2016-08-02,95.88,12.0,7.99,,EACH,1
90,00257251000000,CAESAR SALAD,2016-08-03,31.96,4.0,7.99,,EACH,1
90,00257251000000,CAESAR SALAD,2016-08-04,7.99,1.0,7.99,,EACH,1
90,00257251000000,CAESAR SALAD,2016-08-05,63.92,8.0,7.99,,EACH,1
90,00257251000000,CAESAR SALAD,2016-08-06,7.99,1.0,7.99,,EACH,1
90,00257251000000,CAESAR SALAD,2016-08-07,39.95,5.0,7.99,,EACH,1
90,00257251000000,CAESAR SALAD,2016-08-08,55.93,7.0,7.99,,EACH,1
90,00257251000000,CAESAR SALAD,2016-08-09,39.95,5.0,7.99,,EACH,1
90,00257251000000,CAESAR SALAD,2016-08-10,79.9,10.0,7.99,,EACH,1
90,00257251000000,CAESAR SALAD,2016-08-11,63.92,8.0,7.99,,EACH,1
90,00257251000000,CAESAR SALAD,2016-08-12,15.98,2.0,7.99,,EACH,1
90,00257251000000,CAESAR SALAD,2016-08-13,135.83,17.0,7.99,,EACH,1
90,00257251000000,CAESAR SALAD,2016-08-14,31.96,4.0,7.99,,EACH,1
90,00257251000000,CAESAR SALAD,2016-08-15,111.86,14.0,7.99,,EACH,1
90,00257251000000,CAESAR SALAD,2016-08-16,79.9,10.0,7.99,,EACH,1
90,00257251000000,CAESAR SALAD,2016-08-17,47.94,6.0,7.99,,EACH,1
90,00257251000000,CAESAR SALAD,2016-08-18,79.9,10.0,7.99,,EACH,1
90,00257251000000,CAESAR SALAD,2016-08-19,71.91,9.0,7.99,,EACH,1
90,00257251000000,CAESAR SALAD,2016-08-21,47.94,6.0,7.99,,EACH,1
90,00257251000000,CAESAR SALAD,2016-08-22,47.94,6.0,7.99,,EACH,1
90,00257251000000,CAESAR SALAD,2016-08-23,39.95,5.0,7.99,,EACH,1
90,00257251000000,CAESAR SALAD,2016-08-24,47.94,6.0,7.99,,EACH,1
90,00257251000000,CAESAR SALAD,2016-08-25,79.9,10.0,7.99,,EACH,1
90,00257251000000,CAESAR SALAD,2016-08-26,55.93,7.0,7.99,,EACH,1
90,00257251000000,CAESAR SALAD,2016-08-27,63.92,8.0,7.99,,EACH,1
90,00257251000000,CAESAR SALAD,2016-08-28,63.92,8.0,7.99,,EACH,1
90,00257251000000,CAESAR SALAD,2016-08-29,31.96,4.0,7.99,,EACH,1
90,00257251000000,CAESAR SALAD,2016-08-30,23.97,3.0,7.99,,EACH,1
90,00257251000000,CAESAR SALAD,2016-08-31,47.94,6.0,7.99,,EACH,1
90,00257251000000,CAESAR SALAD,2016-09-01,31.96,4.0,7.99,,EACH,1
90,00257251000000,CAESAR SALAD,2016-09-02,31.96,4.0,7.99,,EACH,1
90,00257251000000,CAESAR SALAD,2016-09-03,23.97,3.0,7.99,,EACH,1
90,00257251000000,CAESAR SALAD,2016-09-04,39.95,5.0,7.99,,EACH,1
90,00257251000000,CAESAR SALAD,2016-09-05,87.89,11.0,7.99,,EACH,1
90,00257251000000,CAESAR SALAD,2016-09-06,55.93,7.0,7.99,,EACH,1
90,00257251000000,CAESAR SALAD,2016-09-07,63.92,8.0,7.99,,EACH,1
90,00257251000000,CAESAR SALAD,2016-09-08,79.9,10.0,7.99,,EACH,1
90,00257251000000,CAESAR SALAD,2016-09-10,39.95,5.0,7.99,,EACH,1
90,00257251000000,CAESAR SALAD,2016-09-11,55.93,7.0,7.99,,EACH,1
90,00257251000000,CAESAR SALAD,2016-09-12,79.9,10.0,7.99,,EACH,1
90,00257251000000,CAESAR SALAD,2016-09-13,31.96,4.0,7.99,,EACH,1
90,00257251000000,CAESAR SALAD,2016-09-14,55.93,7.0,7.99,,EACH,1
90,00257251000000,CAESAR SALAD,2016-09-15,47.94,6.0,7.99,,EACH,1
90,00257251000000,CAESAR SALAD,2016-09-16,47.94,6.0,7.99,,EACH,1
90,00257251000000,CAESAR SALAD,2016-09-17,47.94,6.0,7.99,,EACH,1
90,00257251000000,CAESAR SALAD,2016-09-18,63.92,8.0,7.99,,EACH,1
90,00257251000000,CAESAR SALAD,2016-09-19,55.93,7.0,7.99,,EACH,1
90,00257251000000,CAESAR SALAD,2016-09-20,71.91,9.0,7.99,,EACH,1
90,00257251000000,CAESAR SALAD,2016-09-21,79.9,10.0,7.99,,EACH,1
90,00257251000000,CAESAR SALAD,2016-09-22,95.88,12.0,7.99,,EACH,1
90,00257251000000,CAESAR SALAD,2016-09-23,63.92,8.0,7.99,,EACH,1
90,00257251000000,CAESAR SALAD,2016-09-24,39.95,5.0,7.99,,EACH,1
90,00257251000000,CAESAR SALAD,2016-09-25,55.93,7.0,7.99,,EACH,1
90,00257251000000,CAESAR SALAD,2016-09-26,266.84,33.4,7.99,,EACH,1
90,00257251000000,CAESAR SALAD,2016-09-27,127.84,16.0,7.99,,EACH,1
90,00257251000000,CAESAR SALAD,2016-09-28,141.92,17.76,7.99,,EACH,1
90,00257251000000,CAESAR SALAD,2016-09-29,95.88,12.0,7.99,,EACH,1
90,00257251000000,CAESAR SALAD,2016-09-30,95.88,12.0,7.99,,EACH,1
90,00257251000000,CAESAR SALAD,2016-10-01,31.96,4.0,7.99,,EACH,1
90,00257251000000,CAESAR SALAD,2016-10-02,47.94,6.0,7.99,,EACH,1
90,00257251000000,CAESAR SALAD,2016-10-03,55.93,7.0,7.99,,EACH,1
90,00257251000000,CAESAR SALAD,2016-10-04,95.88,12.0,7.99,,EACH,1
90,00257251000000,CAESAR SALAD,2016-10-05,55.93,7.0,7.99,,EACH,1
90,00257251000000,CAESAR SALAD,2016-10-06,7.99,1.0,7.99,,EACH,1
90,00257251000000,CAESAR SALAD,2016-10-07,39.95,5.0,7.99,,EACH,1
90,00257251000000,CAESAR SALAD,2016-10-08,63.92,8.0,7.99,,EACH,1
90,00257251000000,CAESAR SALAD,2016-10-09,7.99,1.0,7.99,,EACH,1
90,00257251000000,CAESAR SALAD,2016-10-10,79.9,10.0,7.99,,EACH,1
90,00257251000000,CAESAR SALAD,2016-10-11,15.98,2.0,7.99,,EACH,1
90,00257251000000,CAESAR SALAD,2016-10-12,55.93,7.0,7.99,,EACH,1
90,00257251000000,CAESAR SALAD,2016-10-13,71.91,9.0,7.99,,EACH,1
90,00257251000000,CAESAR SALAD,2016-10-14,47.94,6.0,7.99,,EACH,1
90,00257251000000,CAESAR SALAD,2016-10-15,23.97,3.0,7.99,,EACH,1
90,00257251000000,CAESAR SALAD,2016-10-16,55.93,7.0,7.99,,EACH,1
90,00257251000000,CAESAR SALAD,2016-10-17,87.89,11.0,7.99,,EACH,1
90,00257251000000,CAESAR SALAD,2016-10-18,55.93,7.0,7.99,,EACH,1
90,00257251000000,CAESAR SALAD,2016-10-19,87.89,11.0,7.99,,EACH,1
90,00257251000000,CAESAR SALAD,2016-10-20,7.99,1.0,7.99,,EACH,1
90,00257251000000,CAESAR SALAD,2016-10-21,39.95,5.0,7.99,,EACH,1
90,00257251000000,CAESAR SALAD,2016-10-22,71.91,9.0,7.99,,EACH,1
90,00257251000000,CAESAR SALAD,2016-10-23,23.97,3.0,7.99,,EACH,1
90,00257251000000,CAESAR SALAD,2016-10-24,63.92,8.0,7.99,,EACH,1
90,00257251000000,CAESAR SALAD,2016-10-25,31.96,4.0,7.99,,EACH,1
90,00257251000000,CAESAR SALAD,2016-10-27,63.92,8.0,7.99,,EACH,1
90,00257251000000,CAESAR SALAD,2016-10-28,55.93,7.0,7.99,,EACH,1
90,00257251000000,CAESAR SALAD,2016-10-29,31.96,4.0,7.99,,EACH,1
90,00257251000000,CAESAR SALAD,2016-10-30,55.93,7.0,7.99,,EACH,1
90,00257251000000,CAESAR SALAD,2016-10-31,31.96,4.0,7.99,,EACH,1
90,00257251000000,CAESAR SALAD,2016-11-01,47.94,6.0,7.99,,EACH,1
90,00257251000000,CAESAR SALAD,2016-11-03,63.92,8.0,7.99,,EACH,1
90,00257251000000,CAESAR SALAD,2016-11-04,23.97,3.0,7.99,,EACH,1
90,00257251000000,CAESAR SALAD,2016-11-05,23.97,3.0,7.99,,EACH,1
90,00257251000000,CAESAR SALAD,2016-11-06,23.97,3.0,7.99,,EACH,1
90,00257251000000,CAESAR SALAD,2016-11-07,87.89,11.0,7.99,,EACH,1
90,00257251000000,CAESAR SALAD,2016-11-08,71.91,9.0,7.99,,EACH,1
90,00257251000000,CAESAR SALAD,2016-11-09,47.94,6.0,7.99,,EACH,1
90,00257251000000,CAESAR SALAD,2016-11-10,7.99,1.0,7.99,,EACH,1
90,00257251000000,CAESAR SALAD,2016-11-11,7.99,1.0,7.99,,EACH,1
90,00257251000000,CAESAR SALAD,2016-11-12,55.93,7.0,7.99,,EACH,1
90,00257251000000,CAESAR SALAD,2016-11-13,95.88,10.68,8.98,,EACH,1
90,00257251000000,CAESAR SALAD,2016-11-14,39.95,4.45,8.98,,EACH,1
90,00257251000000,CAESAR SALAD,2016-11-15,47.94,5.34,8.98,,EACH,1
90,00257251000000,CAESAR SALAD,2016-11-16,31.96,3.56,8.98,,EACH,1
90,00257251000000,CAESAR SALAD,2016-11-17,39.95,4.45,8.98,,EACH,1
90,00257251000000,CAESAR SALAD,2016-11-18,31.96,3.56,8.98,,EACH,1
90,00257251000000,CAESAR SALAD,2016-11-19,23.97,2.67,8.98,,EACH,1
90,00257251000000,CAESAR SALAD,2016-11-21,15.98,1.78,8.98,,EACH,1
90,00257251000000,CAESAR SALAD,2016-11-22,23.97,2.67,8.98,,EACH,1
90,00257251000000,CAESAR SALAD,2016-11-26,55.93,6.23,8.98,,EACH,1
90,00257251000000,CAESAR SALAD,2016-11-27,55.93,6.23,8.98,,EACH,1
90,00257251000000,CAESAR SALAD,2016-11-28,39.95,4.45,8.98,,EACH,1
90,00257251000000,CAESAR SALAD,2016-11-29,7.99,0.89,8.98,,EACH,1
90,00257251000000,CAESAR SALAD,2016-11-29,62.93,7.0,8.99,,EACH,1
90,00257251000000,CAESAR SALAD,2016-11-30,44.95,5.0,8.99,,EACH,1
90,00257251000000,CAESAR SALAD,2016-12-01,35.96,4.0,8.99,,EACH,1
90,00257251000000,CAESAR SALAD,2016-12-02,8.99,1.0,8.99,,EACH,1
90,00257251000000,CAESAR SALAD,2016-12-03,53.94,6.0,8.99,,EACH,1
90,00257251000000,CAESAR SALAD,2016-12-04,71.92,8.0,8.99,,EACH,1
90,00257251000000,CAESAR SALAD,2016-12-05,62.93,7.0,8.99,,EACH,1
90,00257251000000,CAESAR SALAD,2016-12-06,26.97,3.0,8.99,,EACH,1
90,00257251000000,CAESAR SALAD,2016-12-07,35.96,4.0,8.99,,EACH,1
90,00257251000000,CAESAR SALAD,2016-12-08,62.93,7.0,8.99,,EACH,1
90,00257251000000,CAESAR SALAD,2016-12-10,53.94,6.0,8.99,,EACH,1
90,00257251000000,CAESAR SALAD,2016-12-11,8.99,1.0,8.99,,EACH,1
90,00257251000000,CAESAR SALAD,2016-12-12,62.93,7.0,8.99,,EACH,1
90,00257251000000,CAESAR SALAD,2016-12-13,35.96,4.0,8.99,,EACH,1
90,00257251000000,CAESAR SALAD,2016-12-14,53.94,6.0,8.99,,EACH,1
90,00257251000000,CAESAR SALAD,2016-12-15,17.98,2.0,8.99,,EACH,1
90,00257251000000,CAESAR SALAD,2016-12-16,17.98,2.0,8.99,,EACH,1
90,00257251000000,CAESAR SALAD,2016-12-17,35.96,4.0,8.99,,EACH,1
90,00257251000000,CAESAR SALAD,2016-12-18,17.98,2.0,8.99,,EACH,1
90,00257251000000,CAESAR SALAD,2016-12-19,26.97,3.0,8.99,,EACH,1
90,00257251000000,CAESAR SALAD,2016-12-20,17.98,2.0,8.99,,EACH,1
90,00257251000000,CAESAR SALAD,2016-12-21,80.91,9.0,8.99,,EACH,1
90,00257251000000,CAESAR SALAD,2016-12-22,62.93,7.0,8.99,,EACH,1
90,00257251000000,CAESAR SALAD,2016-12-23,26.97,3.0,8.99,,EACH,1
90,00257251000000,CAESAR SALAD,2016-12-24,26.97,3.0,8.99,,EACH,1
90,00257251000000,CAESAR SALAD,2016-12-26,8.99,1.0,8.99,,EACH,1
90,00257251000000,CAESAR SALAD,2016-12-27,17.98,2.0,8.99,,EACH,1
90,00257251000000,CAESAR SALAD,2016-12-28,35.96,4.0,8.99,,EACH,1
90,00257251000000,CAESAR SALAD,2016-12-29,44.95,5.0,8.99,,EACH,1
90,00257251000000,CAESAR SALAD,2016-12-30,53.94,6.0,8.99,,EACH,1
90,00257251000000,CAESAR SALAD,2016-12-31,26.97,3.0,8.99,,EACH,1
90,00257251000000,CAESAR SALAD,2017-01-02,26.97,3.0,8.99,,EACH,1
90,00257251000000,CAESAR SALAD,2017-01-03,35.96,4.0,8.99,,EACH,1
90,00257251000000,CAESAR SALAD,2017-01-04,35.96,4.0,8.99,,EACH,1
90,00257251000000,CAESAR SALAD,2017-01-05,8.99,1.0,8.99,,EACH,1
90,00257251000000,CAESAR SALAD,2017-01-06,44.95,5.0,8.99,,EACH,1
90,00257251000000,CAESAR SALAD,2017-01-07,35.96,4.0,8.99,,EACH,1
90,00257251000000,CAESAR SALAD,2017-01-09,62.93,7.0,8.99,,EACH,1
90,00257251000000,CAESAR SALAD,2017-01-10,62.93,7.0,8.99,,EACH,1
90,00257251000000,CAESAR SALAD,2017-01-11,8.99,1.0,8.99,,EACH,1
90,00257251000000,CAESAR SALAD,2017-01-12,35.96,4.0,8.99,,EACH,1
90,00257251000000,CAESAR SALAD,2017-01-13,26.97,3.0,8.99,,EACH,1
90,00257251000000,CAESAR SALAD,2017-01-14,44.95,5.0,8.99,,EACH,1
90,00257251000000,CAESAR SALAD,2017-01-16,62.93,7.0,8.99,,EACH,1
90,00257251000000,CAESAR SALAD,2017-01-17,8.99,1.0,8.99,,EACH,1
90,00257251000000,CAESAR SALAD,2017-01-18,26.97,3.0,8.99,,EACH,1
90,00257251000000,CAESAR SALAD,2017-01-19,62.93,7.0,8.99,,EACH,1
90,00257251000000,CAESAR SALAD,2017-01-20,53.94,6.0,8.99,,EACH,1
90,00257251000000,CAESAR SALAD,2017-01-21,35.96,4.0,8.99,,EACH,1
90,00257251000000,CAESAR SALAD,2017-01-22,26.97,3.0,8.99,,EACH,1
90,00257251000000,CAESAR SALAD,2017-01-23,53.94,6.0,8.99,,EACH,1
90,00257251000000,CAESAR SALAD,2017-01-25,35.96,4.0,8.99,,EACH,1
90,00257251000000,CAESAR SALAD,2017-01-26,62.93,7.0,8.99,,EACH,1
90,00257251000000,CAESAR SALAD,2017-01-27,62.93,7.0,8.99,,EACH,1
90,00257251000000,CAESAR SALAD,2017-01-28,53.94,6.0,8.99,,EACH,1
90,00257251000000,CAESAR SALAD,2017-01-29,44.95,5.0,8.99,,EACH,1
90,00257251000000,CAESAR SALAD,2017-01-30,35.96,4.0,8.99,,EACH,1
90,00257251000000,CAESAR SALAD,2017-01-31,134.85,15.0,8.99,,EACH,1
90,00257251000000,CAESAR SALAD,2017-02-01,71.92,8.0,8.99,,EACH,1
90,00257251000000,CAESAR SALAD,2017-02-02,107.88,12.0,8.99,,EACH,1
90,00257251000000,CAESAR SALAD,2017-02-03,71.92,8.0,8.99,,EACH,1
90,00257251000000,CAESAR SALAD,2017-02-04,17.98,2.0,8.99,,EACH,1
