DRG_90_00257251000000.csv
store_id,upc_code,item_name,date,amount,quantity,unit_price,category,size,msu
90,00257251000000,CAESAR SALAD,2017-02-05,17.98,2.0,8.99,,EACH,1
90,00257251000000,CAESAR SALAD,2017-02-06,53.94,6.0,8.99,,EACH,1
90,00257251000000,CAESAR SALAD,2017-02-07,53.94,6.0,8.99,,EACH,1
90,00257251000000,CAESAR SALAD,2017-02-08,26.97,3.0,8.99,,EACH,1
90,00257251000000,CAESAR SALAD,2017-02-10,71.92,8.0,8.99,,EACH,1
90,00257251000000,CAESAR SALAD,2017-02-11,71.92,8.0,8.99,,EACH,1
90,00257251000000,CAESAR SALAD,2017-02-12,71.92,8.0,8.99,,EACH,1
90,00257251000000,CAESAR SALAD,2017-02-13,35.96,4.0,8.99,,EACH,1
90,00257251000000,CAESAR SALAD,2017-02-14,62.93,7.0,8.99,,EACH,1
90,00257251000000,CAESAR SALAD,2017-02-15,44.95,5.0,8.99,,EACH,1
90,00257251000000,CAESAR SALAD,2017-02-16,62.93,7.0,8.99,,EACH,1
90,00257251000000,CAESAR SALAD,2017-02-17,26.97,3.0,8.99,,EACH,1
90,00257251000000,CAESAR SALAD,2017-02-18,89.9,10.0,8.99,,EACH,1
90,00257251000000,CAESAR SALAD,2017-02-19,8.99,1.0,8.99,,EACH,1
90,00257251000000,CAESAR SALAD,2017-02-20,44.95,5.0,8.99,,EACH,1
90,00257251000000,CAESAR SALAD,2017-02-21,71.92,8.0,8.99,,EACH,1
90,00257251000000,CAESAR SALAD,2017-02-22,17.98,2.0,8.99,,EACH,1
90,00257251000000,CAESAR SALAD,2017-02-23,71.92,8.0,8.99,,EACH,1
90,00257251000000,CAESAR SALAD,2017-02-24,35.96,4.0,8.99,,EACH,1
90,00257251000000,CAESAR SALAD,2017-02-25,53.94,6.0,8.99,,EACH,1
90,00257251000000,CAESAR SALAD,2017-02-26,62.93,7.0,8.99,,EACH,1
90,00257251000000,CAESAR SALAD,2017-02-27,89.9,10.0,8.99,,EACH,1
90,00257251000000,CAESAR SALAD,2017-02-28,8.99,1.0,8.99,,EACH,1
90,00257251000000,CAESAR SALAD,2017-03-01,26.97,3.0,8.99,,EACH,1
90,00257251000000,CAESAR SALAD,2017-03-02,35.96,4.0,8.99,,EACH,1
90,00257251000000,CAESAR SALAD,2017-03-03,98.89,11.0,8.99,,EACH,1
90,00257251000000,CAESAR SALAD,2017-03-04,35.96,4.0,8.99,,EACH,1
90,00257251000000,CAESAR SALAD,2017-03-05,44.95,5.0,8.99,,EACH,1
90,00257251000000,CAESAR SALAD,2017-03-06,44.95,5.0,8.99,,EACH,1
90,00257251000000,CAESAR SALAD,2017-03-07,107.88,12.0,8.99,,EACH,1
90,00257251000000,CAESAR SALAD,2017-03-08,17.98,2.0,8.99,,EACH,1
90,00257251000000,CAESAR SALAD,2017-03-09,134.85,15.0,8.99,,EACH,1
90,00257251000000,CAESAR SALAD,2017-03-10,35.96,4.0,8.99,,EACH,1
90,00257251000000,CAESAR SALAD,2017-03-11,53.94,6.0,8.99,,EACH,1
90,00257251000000,CAESAR SALAD,2017-03-13,53.94,6.0,8.99,,EACH,1
90,00257251000000,CAESAR SALAD,2017-03-14,17.98,2.0,8.99,,EACH,1
90,00257251000000,CAESAR SALAD,2017-03-15,98.89,11.0,8.99,,EACH,1
90,00257251000000,CAESAR SALAD,2017-03-16,35.96,4.0,8.99,,EACH,1
90,00257251000000,CAESAR SALAD,2017-03-17,98.89,11.0,8.99,,EACH,1
90,00257251000000,CAESAR SALAD,2017-03-18,8.99,1.0,8.99,,EACH,1
90,00257251000000,CAESAR SALAD,2017-03-19,26.97,3.0,8.99,,EACH,1
90,00257251000000,CAESAR SALAD,2017-03-20,62.93,7.0,8.99,,EACH,1
90,00257251000000,CAESAR SALAD,2017-03-21,26.97,3.0,8.99,,EACH,1
90,00257251000000,CAESAR SALAD,2017-03-22,62.93,7.0,8.99,,EACH,1
90,00257251000000,CAESAR SALAD,2017-03-24,62.93,7.0,8.99,,EACH,1
90,00257251000000,CAESAR SALAD,2017-03-25,71.92,8.0,8.99,,EACH,1
90,00257251000000,CAESAR SALAD,2017-03-26,26.97,3.0,8.99,,EACH,1
90,00257251000000,CAESAR SALAD,2017-03-27,107.88,12.0,8.99,,EACH,1
90,00257251000000,CAESAR SALAD,2017-03-28,44.95,5.0,8.99,,EACH,1
90,00257251000000,CAESAR SALAD,2017-03-29,53.94,6.0,8.99,,EACH,1
90,00257251000000,CAESAR SALAD,2017-03-30,44.95,5.0,8.99,,EACH,1
90,00257251000000,CAESAR SALAD,2017-03-31,80.91,9.0,8.99,,EACH,1
90,00257251000000,CAESAR SALAD,2017-04-01,44.95,5.0,8.99,,EACH,1
90,00257251000000,CAESAR SALAD,2017-04-02,71.92,8.0,8.99,,EACH,1
90,00257251000000,CAESAR SALAD,2017-04-03,62.93,7.0,8.99,,EACH,1
90,00257251000000,CAESAR SALAD,2017-04-04,53.94,6.0,8.99,,EACH,1
90,00257251000000,CAESAR SALAD,2017-04-05,71.92,8.0,8.99,,EACH,1
90,00257251000000,CAESAR SALAD,2017-04-06,89.9,10.0,8.99,,EACH,1
90,00257251000000,CAESAR SALAD,2017-04-07,62.93,7.0,8.99,,EACH,1
90,00257251000000,CAESAR SALAD,2017-04-08,71.92,8.0,8.99,,EACH,1
90,00257251000000,CAESAR SALAD,2017-04-09,17.98,2.0,8.99,,EACH,1
90,00257251000000,CAESAR SALAD,2017-04-10,98.89,11.0,8.99,,EACH,1
90,00257251000000,CAESAR SALAD,2017-04-11,8.99,1.0,8.99,,EACH,1
90,00257251000000,CAESAR SALAD,2017-04-12,35.96,4.0,8.99,,EACH,1
90,00257251000000,CAESAR SALAD,2017-04-13,44.95,5.0,8.99,,EACH,1
90,00257251000000,CAESAR SALAD,2017-04-14,17.98,2.0,8.99,,EACH,1
90,00257251000000,CAESAR SALAD,2017-04-15,71.92,8.0,8.99,,EACH,1
90,00257251000000,CAESAR SALAD,2017-04-16,26.97,3.0,8.99,,EACH,1
90,00257251000000,CAESAR SALAD,2017-04-17,35.96,4.0,8.99,,EACH,1
90,00257251000000,CAESAR SALAD,2017-04-18,71.92,8.0,8.99,,EACH,1
90,00257251000000,CAESAR SALAD,2017-04-19,71.92,8.0,8.99,,EACH,1
90,00257251000000,CAESAR SALAD,2017-04-20,26.97,3.0,8.99,,EACH,1
90,00257251000000,CAESAR SALAD,2017-04-21,26.97,3.0,8.99,,EACH,1
90,00257251000000,CAESAR SALAD,2017-04-22,80.91,9.0,8.99,,EACH,1
90,00257251000000,CAESAR SALAD,2017-04-23,71.92,8.0,8.99,,EACH,1
90,00257251000000,CAESAR SALAD,2017-04-24,107.88,12.0,8.99,,EACH,1
90,00257251000000,CAESAR SALAD,2017-04-25,62.93,7.0,8.99,,EACH,1
90,00257251000000,CAESAR SALAD,2017-04-26,62.93,7.0,8.99,,EACH,1
90,00257251000000,CAESAR SALAD,2017-04-27,71.92,8.0,8.99,,EACH,1
90,00257251000000,CAESAR SALAD,2017-04-28,17.98,2.0,8.99,,EACH,1
90,00257251000000,CAESAR SALAD,2017-04-29,26.97,3.0,8.99,,EACH,1
90,00257251000000,CAESAR SALAD,2017-04-30,116.87,13.0,8.99,,EACH,1
90,00257251000000,CAESAR SALAD,2017-05-01,125.86,14.0,8.99,,EACH,1
90,00257251000000,CAESAR SALAD,2017-05-02,125.86,14.0,8.99,,EACH,1
90,00257251000000,CAESAR SALAD,2017-05-03,35.96,4.0,8.99,,EACH,1
90,00257251000000,CAESAR SALAD,2017-05-04,53.94,6.0,8.99,,EACH,1
90,00257251000000,CAESAR SALAD,2017-05-05,8.99,1.0,8.99,,EACH,1
90,00257251000000,CAESAR SALAD,2017-05-06,53.94,6.0,8.99,,EACH,1
90,00257251000000,CAESAR SALAD,2017-05-07,44.95,5.0,8.99,,EACH,1
90,00257251000000,CAESAR SALAD,2017-05-08,134.85,15.0,8.99,,EACH,1
90,00257251000000,CAESAR SALAD,2017-05-09,44.95,5.0,8.99,,EACH,1
90,00257251000000,CAESAR SALAD,2017-05-10,71.92,8.0,8.99,,EACH,1
90,00257251000000,CAESAR SALAD,2017-05-11,62.93,7.0,8.99,,EACH,1
90,00257251000000,CAESAR SALAD,2017-05-12,62.93,7.0,8.99,,EACH,1
90,00257251000000,CAESAR SALAD,2017-05-13,89.9,10.0,8.99,,EACH,1
90,00257251000000,CAESAR SALAD,2017-05-14,62.93,7.0,8.99,,EACH,1
90,00257251000000,CAESAR SALAD,2017-05-15,62.93,7.0,8.99,,EACH,1
90,00257251000000,CAESAR SALAD,2017-05-16,62.93,7.0,8.99,,EACH,1
90,00257251000000,CAESAR SALAD,2017-05-17,35.96,4.0,8.99,,EACH,1
90,00257251000000,CAESAR SALAD,2017-05-19,80.91,9.0,8.99,,EACH,1
90,00257251000000,CAESAR SALAD,2017-05-20,44.95,5.0,8.99,,EACH,1
90,00257251000000,CAESAR SALAD,2017-05-21,98.89,11.0,8.99,,EACH,1
90,00257251000000,CAESAR SALAD,2017-05-22,26.97,3.0,8.99,,EACH,1
90,00257251000000,CAESAR SALAD,2017-05-23,71.92,8.0,8.99,,EACH,1
90,00257251000000,CAESAR SALAD,2017-05-24,62.93,7.0,8.99,,EACH,1
90,00257251000000,CAESAR SALAD,2017-05-25,89.9,10.0,8.99,,EACH,1
90,00257251000000,CAESAR SALAD,2017-05-26,98.89,11.0,8.99,,EACH,1
90,00257251000000,CAESAR SALAD,2017-05-27,35.96,4.0,8.99,,EACH,1
90,00257251000000,CAESAR SALAD,2017-05-28,35.96,4.0,8.99,,EACH,1
90,00257251000000,CAESAR SALAD,2017-05-29,44.95,5.0,8.99,,EACH,1
90,00257251000000,CAESAR SALAD,2017-05-30,89.9,10.0,8.99,,EACH,1
90,00257251000000,CAESAR SALAD,2017-05-31,26.97,3.0,8.99,,EACH,1
90,00257251000000,CAESAR SALAD,2017-06-01,80.91,9.0,8.99,,EACH,1
90,00257251000000,CAESAR SALAD,2017-06-02,80.91,9.0,8.99,,EACH,1
90,00257251000000,CAESAR SALAD,2017-06-03,26.97,3.0,8.99,,EACH,1
90,00257251000000,CAESAR SALAD,2017-06-04,53.94,6.0,8.99,,EACH,1
90,00257251000000,CAESAR SALAD,2017-06-05,89.9,10.0,8.99,,EACH,1
90,00257251000000,CAESAR SALAD,2017-06-06,44.95,5.0,8.99,,EACH,1
90,00257251000000,CAESAR SALAD,2017-06-07,98.89,11.0,8.99,,EACH,1
90,00257251000000,CAESAR SALAD,2017-06-08,17.98,2.0,8.99,,EACH,1
90,00257251000000,CAESAR SALAD,2017-06-09,71.92,8.0,8.99,,EACH,1
90,00257251000000,CAESAR SALAD,2017-06-10,62.93,7.0,8.99,,EACH,1
90,00257251000000,CAESAR SALAD,2017-06-11,44.95,5.0,8.99,,EACH,1
90,00257251000000,CAESAR SALAD,2017-06-12,89.9,10.0,8.99,,EACH,1
90,00257251000000,CAESAR SALAD,2017-06-13,71.92,8.0,8.99,,EACH,1
90,00257251000000,CAESAR SALAD,2017-06-14,62.93,7.0,8.99,,EACH,1
90,00257251000000,CAESAR SALAD,2017-06-15,35.96,4.0,8.99,,EACH,1
90,00257251000000,CAESAR SALAD,2017-06-16,17.98,2.0,8.99,,EACH,1
90,00257251000000,CAESAR SALAD,2017-06-17,62.93,7.0,8.99,,EACH,1
90,00257251000000,CAESAR SALAD,2017-06-18,44.95,5.0,8.99,,EACH,1
90,00257251000000,CAESAR SALAD,2017-06-19,53.94,6.0,8.99,,EACH,1
90,00257251000000,CAESAR SALAD,2017-06-20,98.89,11.0,8.99,,EACH,1
90,00257251000000,CAESAR SALAD,2017-06-21,44.95,5.0,8.99,,EACH,1
90,00257251000000,CAESAR SALAD,2017-06-22,116.87,13.0,8.99,,EACH,1
90,00257251000000,CAESAR SALAD,2017-06-23,107.88,12.0,8.99,,EACH,1
90,00257251000000,CAESAR SALAD,2017-06-25,53.94,6.0,8.99,,EACH,1
90,00257251000000,CAESAR SALAD,2017-06-26,35.96,4.0,8.99,,EACH,1
90,00257251000000,CAESAR SALAD,2017-06-27,80.91,9.0,8.99,,EACH,1
90,00257251000000,CAESAR SALAD,2017-06-28,71.92,8.0,8.99,,EACH,1
90,00257251000000,CAESAR SALAD,2017-06-29,44.95,5.0,8.99,,EACH,1
90,00257251000000,CAESAR SALAD,2017-06-30,26.97,3.0,8.99,,EACH,1
90,00257251000000,CAESAR SALAD,2017-07-01,89.9,10.0,8.99,,EACH,1
90,00257251000000,CAESAR SALAD,2017-07-02,62.93,7.0,8.99,,EACH,1
90,00257251000000,CAESAR SALAD,2017-07-03,26.97,3.0,8.99,,EACH,1
90,00257251000000,CAESAR SALAD,2017-07-04,17.98,2.0,8.99,,EACH,1
90,00257251000000,CAESAR SALAD,2017-07-05,26.97,3.0,8.99,,EACH,1
90,00257251000000,CAESAR SALAD,2017-07-06,8.99,1.0,8.99,,EACH,1
90,00257251000000,CAESAR SALAD,2017-07-07,53.94,6.0,8.99,,EACH,1
90,00257251000000,CAESAR SALAD,2017-07-08,53.94,6.0,8.99,,EACH,1
90,00257251000000,CAESAR SALAD,2017-07-09,26.97,3.0,8.99,,EACH,1
90,00257251000000,CAESAR SALAD,2017-07-10,89.9,10.0,8.99,,EACH,1
90,00257251000000,CAESAR SALAD,2017-07-11,26.97,3.0,8.99,,EACH,1
90,00257251000000,CAESAR SALAD,2017-07-12,35.96,4.0,8.99,,EACH,1
90,00257251000000,CAESAR SALAD,2017-07-13,80.91,9.0,8.99,,EACH,1
90,00257251000000,CAESAR SALAD,2017-07-14,71.92,8.0,8.99,,EACH,1
90,00257251000000,CAESAR SALAD,2017-07-15,53.94,6.0,8.99,,EACH,1
90,00257251000000,CAESAR SALAD,2017-07-16,44.95,5.0,8.99,,EACH,1
90,00257251000000,CAESAR SALAD,2017-07-17,53.94,6.0,8.99,,EACH,1
90,00257251000000,CAESAR SALAD,2017-07-18,44.95,5.0,8.99,,EACH,1
90,00257251000000,CAESAR SALAD,2017-07-19,80.91,9.0,8.99,,EACH,1
90,00257251000000,CAESAR SALAD,2017-07-20,62.93,7.0,8.99,,EACH,1
90,00257251000000,CAESAR SALAD,2017-07-21,62.93,7.0,8.99,,EACH,1
90,00257251000000,CAESAR SALAD,2017-07-22,35.96,4.0,8.99,,EACH,1
90,00257251000000,CAESAR SALAD,2017-07-23,26.97,3.0,8.99,,EACH,1
90,00257251000000,CAESAR SALAD,2017-07-24,62.93,7.0,8.99,,EACH,1
90,00257251000000,CAESAR SALAD,2017-07-25,53.94,6.0,8.99,,EACH,1
90,00257251000000,CAESAR SALAD,2017-07-26,44.95,5.0,8.99,,EACH,1
90,00257251000000,CAESAR SALAD,2017-07-27,26.97,3.0,8.99,,EACH,1
90,00257251000000,CAESAR SALAD,2017-07-28,116.87,13.0,8.99,,EACH,1
90,00257251000000,CAESAR SALAD,2017-07-29,8.99,1.0,8.99,,EACH,1
90,00257251000000,CAESAR SALAD,2017-07-30,35.96,4.0,8.99,,EACH,1
90,00257251000000,CAESAR SALAD,2017-07-31,53.94,6.0,8.99,,EACH,1
90,00257251000000,CAESAR SALAD,2017-08-01,17.98,2.0,8.99,,EACH,1
90,00257251000000,CAESAR SALAD,2017-08-02,53.94,6.0,8.99,,EACH,1
90,00257251000000,CAESAR SALAD,2017-08-03,53.94,6.0,8.99,,EACH,1
90,00257251000000,CAESAR SALAD,2017-08-04,44.95,5.0,8.99,,EACH,1
90,00257251000000,CAESAR SALAD,2017-08-05,26.97,3.0,8.99,,EACH,1
90,00257251000000,CAESAR SALAD,2017-08-06,35.96,4.0,8.99,,EACH,1
90,00257251000000,CAESAR SALAD,2017-08-07,98.89,11.0,8.99,,EACH,1
90,00257251000000,CAESAR SALAD,2017-08-08,80.91,9.0,8.99,,EACH,1
90,00257251000000,CAESAR SALAD,2017-08-09,17.98,2.0,8.99,,EACH,1
90,00257251000000,CAESAR SALAD,2017-08-10,133.86,14.89,8.99,,EACH,1
90,00257251000000,CAESAR SALAD,2017-08-11,89.9,10.0,8.99,,EACH,1
90,00257251000000,CAESAR SALAD,2017-08-12,8.99,1.0,8.99,,EACH,1
90,00257251000000,CAESAR SALAD,2017-08-12,19.98,2.22,9.0,,EACH,1
90,00257251000000,CAESAR SALAD,2017-08-13,39.96,4.44,9.0,,EACH,1
90,00257251000000,CAESAR SALAD,2017-08-14,99.9,11.1,9.0,,EACH,1
90,00257251000000,CAESAR SALAD,2017-08-15,19.98,2.0,9.99,,EACH,1
90,00257251000000,CAESAR SALAD,2017-08-15,29.97,3.33,9.0,,EACH,1
90,00257251000000,CAESAR SALAD,2017-08-16,19.98,2.0,9.99,,EACH,1
90,00257251000000,CAESAR SALAD,2017-08-17,39.96,4.0,9.99,,EACH,1
90,00257251000000,CAESAR SALAD,2017-08-18,69.93,7.0,9.99,,EACH,1
90,00257251000000,CAESAR SALAD,2017-08-19,19.98,2.0,9.99,,EACH,1
90,00257251000000,CAESAR SALAD,2017-08-20,39.96,4.0,9.99,,EACH,1
90,00257251000000,CAESAR SALAD,2017-08-21,79.92,8.0,9.99,,EACH,1
90,00257251000000,CAESAR SALAD,2017-08-22,79.92,8.0,9.99,,EACH,1
90,00257251000000,CAESAR SALAD,2017-08-23,39.96,4.0,9.99,,EACH,1
90,00257251000000,CAESAR SALAD,2017-08-24,89.91,9.0,9.99,,EACH,1
90,00257251000000,CAESAR SALAD,2017-08-25,19.98,2.0,9.99,,EACH,1
90,00257251000000,CAESAR SALAD,2017-08-26,59.94,6.0,9.99,,EACH,1
90,00257251000000,CAESAR SALAD,2017-08-27,59.94,6.0,9.99,,EACH,1
90,00257251000000,CAESAR SALAD,2017-08-28,89.91,9.0,9.99,,EACH,1
90,00257251000000,CAESAR SALAD,2017-08-29,59.94,6.0,9.99,,EACH,1
90,00257251000000,CAESAR SALAD,2017-08-30,79.92,8.0,9.99,,EACH,1
90,00257251000000,CAESAR SALAD,2017-08-31,69.93,7.0,9.99,,EACH,1
90,00257251000000,CAESAR SALAD,2017-09-01,69.93,7.0,9.99,,EACH,1
90,00257251000000,CAESAR SALAD,2017-09-02,119.88,12.0,9.99,,EACH,1
90,00257251000000,CAESAR SALAD,2017-09-03,39.96,4.0,9.99,,EACH,1
90,00257251000000,CAESAR SALAD,2017-09-04,49.95,5.0,9.99,,EACH,1
90,00257251000000,CAESAR SALAD,2017-09-05,69.93,7.0,9.99,,EACH,1
90,00257251000000,CAESAR SALAD,2017-09-06,99.9,10.0,9.99,,EACH,1
90,00257251000000,CAESAR SALAD,2017-09-07,79.92,8.0,9.99,,EACH,1
90,00257251000000,CAESAR SALAD,2017-09-08,39.96,4.0,9.99,,EACH,1
90,00257251000000,CAESAR SALAD,2017-09-09,59.94,6.0,9.99,,EACH,1
90,00257251000000,CAESAR SALAD,2017-09-10,79.92,8.0,9.99,,EACH,1
90,00257251000000,CAESAR SALAD,2017-09-11,29.97,3.0,9.99,,EACH,1
90,00257251000000,CAESAR SALAD,2017-09-12,39.96,4.0,9.99,,EACH,1
90,00257251000000,CAESAR SALAD,2017-09-13,109.89,11.0,9.99,,EACH,1
90,00257251000000,CAESAR SALAD,2017-09-14,29.97,3.0,9.99,,EACH,1
90,00257251000000,CAESAR SALAD,2017-09-15,69.93,7.0,9.99,,EACH,1
90,00257251000000,CAESAR SALAD,2017-09-16,89.91,9.0,9.99,,EACH,1
90,00257251000000,CAESAR SALAD,2017-09-17,59.94,6.0,9.99,,EACH,1
90,00257251000000,CAESAR SALAD,2017-09-18,49.95,5.0,9.99,,EACH,1
90,00257251000000,CAESAR SALAD,2017-09-19,69.93,7.0,9.99,,EACH,1
90,00257251000000,CAESAR SALAD,2017-09-20,58.94,5.9,9.99,,EACH,1
90,00257251000000,CAESAR SALAD,2017-09-21,75.92,7.6,9.99,,EACH,1
90,00257251000000,CAESAR SALAD,2017-09-22,37.96,3.8,9.99,,EACH,1
90,00257251000000,CAESAR SALAD,2017-09-23,39.96,4.0,9.99,,EACH,1
90,00257251000000,CAESAR SALAD,2017-09-24,109.89,11.0,9.99,,EACH,1
90,00257251000000,CAESAR SALAD,2017-09-25,29.97,3.0,9.99,,EACH,1
90,00257251000000,CAESAR SALAD,2017-09-26,19.98,2.0,9.99,,EACH,1
90,00257251000000,CAESAR SALAD,2017-09-27,79.92,8.0,9.99,,EACH,1
90,00257251000000,CAESAR SALAD,2017-09-28,59.94,6.0,9.99,,EACH,1
90,00257251000000,CAESAR SALAD,2017-09-29,59.94,6.0,9.99,,EACH,1
90,00257251000000,CAESAR SALAD,2017-09-30,69.93,7.0,9.99,,EACH,1
90,00257251000000,CAESAR SALAD,2017-10-01,9.99,1.0,9.99,,EACH,1
90,00257251000000,CAESAR SALAD,2017-10-02,49.95,5.0,9.99,,EACH,1
90,00257251000000,CAESAR SALAD,2017-10-03,109.89,11.0,9.99,,EACH,1
90,00257251000000,CAESAR SALAD,2017-10-04,59.94,6.0,9.99,,EACH,1
90,00257251000000,CAESAR SALAD,2017-10-05,9.99,1.0,9.99,,EACH,1
90,00257251000000,CAESAR SALAD,2017-10-06,49.95,5.0,9.99,,EACH,1
90,00257251000000,CAESAR SALAD,2017-10-07,79.92,8.0,9.99,,EACH,1
90,00257251000000,CAESAR SALAD,2017-10-08,19.98,2.0,9.99,,EACH,1
90,00257251000000,CAESAR SALAD,2017-10-09,69.93,7.0,9.99,,EACH,1
90,00257251000000,CAESAR SALAD,2017-10-10,69.93,7.0,9.99,,EACH,1
90,00257251000000,CAESAR SALAD,2017-10-11,39.96,4.0,9.99,,EACH,1
90,00257251000000,CAESAR SALAD,2017-10-12,69.93,7.0,9.99,,EACH,1
90,00257251000000,CAESAR SALAD,2017-10-13,69.93,7.0,9.99,,EACH,1
90,00257251000000,CAESAR SALAD,2017-10-14,69.93,7.0,9.99,,EACH,1
90,00257251000000,CAESAR SALAD,2017-10-15,49.95,5.0,9.99,,EACH,1
90,00257251000000,CAESAR SALAD,2017-10-16,69.93,7.0,9.99,,EACH,1
90,00257251000000,CAESAR SALAD,2017-10-17,69.93,7.0,9.99,,EACH,1
90,00257251000000,CAESAR SALAD,2017-10-18,59.94,6.0,9.99,,EACH,1
90,00257251000000,CAESAR SALAD,2017-10-19,39.96,4.0,9.99,,EACH,1
90,00257251000000,CAESAR SALAD,2017-10-20,39.96,4.0,9.99,,EACH,1
90,00257251000000,CAESAR SALAD,2017-10-21,19.98,2.0,9.99,,EACH,1
90,00257251000000,CAESAR SALAD,2017-10-22,49.95,5.0,9.99,,EACH,1
90,00257251000000,CAESAR SALAD,2017-10-23,99.9,10.0,9.99,,EACH,1
90,00257251000000,CAESAR SALAD,2017-10-24,69.93,7.0,9.99,,EACH,1
90,00257251000000,CAESAR SALAD,2017-10-25,39.96,4.0,9.99,,EACH,1
90,00257251000000,CAESAR SALAD,2017-10-26,49.95,5.0,9.99,,EACH,1
90,00257251000000,CAESAR SALAD,2017-10-27,69.93,7.0,9.99,,EACH,1
90,00257251000000,CAESAR SALAD,2017-10-28,69.93,7.0,9.99,,EACH,1
90,00257251000000,CAESAR SALAD,2017-10-29,29.97,3.0,9.99,,EACH,1
90,00257251000000,CAESAR SALAD,2017-10-30,49.95,5.0,9.99,,EACH,1
90,00257251000000,CAESAR SALAD,2017-10-31,69.93,7.0,9.99,,EACH,1
90,00257251000000,CAESAR SALAD,2017-11-01,79.92,8.0,9.99,,EACH,1
90,00257251000000,CAESAR SALAD,2017-11-02,49.95,5.0,9.99,,EACH,1
90,00257251000000,CAESAR SALAD,2017-11-03,69.93,7.0,9.99,,EACH,1
90,00257251000000,CAESAR SALAD,2017-11-04,49.95,5.0,9.99,,EACH,1
90,00257251000000,CAESAR SALAD,2017-11-05,29.97,3.0,9.99,,EACH,1
90,00257251000000,CAESAR SALAD,2017-11-06,31.5,3.15,10.0,,EACH,1
90,00257251000000,CAESAR SALAD,2017-11-06,79.92,8.0,9.99,,EACH,1
90,00257251000000,CAESAR SALAD,2017-11-07,29.97,3.0,9.99,,EACH,1
